node.exe : Failed to 
compile.
At line:1 char:1
+ & "C:\Program Files
\nodejs/node.exe" 
"C:\Program 
Files\nodejs/node_mo 
...
+ ~~~~~~~~~~~~~~~~~~~
~~~~~~~~~~~~~~~~~~~~~
~~~~~~~~~~~~~~~~~~~~~
~~~~~~~~
    + CategoryInfo   
           : NotSpe  
  cified: (Failed    
 to compile.:Stri    
ng) [], RemoteEx    
ception
    + FullyQualified 
   ErrorId : Native  
  CommandError
 

./app/contact/page.ts
x
Error: 
  [31mx[0m You are 
attempting to export 
"metadata" from a 
component marked 
with "use client", 
which is disallowed. 
Either remove the 
export, or the "use 
client" directive. 
Read more: 
https://nextjs.org/
  [31m|[0m docs/get
ting-started/react-es
sentials#the-use-clie
nt-directive
  [31m|[0m 
  [31m|[0m 
    ,-[[36;1;4mC:\de
v\turnerinstallswebsi
te\app\contact\page.t
sx[0m:5:1]
 [2m 5[0m | import 
CTAButton from "@/com
ponents/CTAButton";
 [2m 6[0m | import 
{ useState } from 
"react";
 [2m 7[0m | 
 [2m 8[0m | export 
const metadata = {
    : [31;1m        
     ^^^^^^^^[0m
 [2m 9[0m |   
title: "Contact Us | 
Turner Installs - 
Brisbane Flooring 
Specialists",
 [2m10[0m |   
description:
 [2m11[0m |     
"Get a quote for 
your flooring 
project. Contact 
Turner Installs for 
expert advice, free 
measures, and 
professional 
installation in 
Brisbane.",
    `----

Import trace for 
requested module:
./app/contact/page.ts
x


> Build failed 
because of webpack 
errors
